-- Test Setup: TwoDeletesMultiExprsOneChunk
-- SQL: SELECT * from cpu;
+-----+-----+--------------------------------+
| bar | foo | time                           |
+-----+-----+--------------------------------+
| 1   | me  | 1970-01-01T00:00:00.000000040Z |
+-----+-----+--------------------------------+
-- SQL: SELECT foo from cpu;
+-----+
| foo |
+-----+
| me  |
+-----+
-- SQL: SELECT * from cpu where cast(time as bigint) > 30;
+-----+-----+--------------------------------+
| bar | foo | time                           |
+-----+-----+--------------------------------+
| 1   | me  | 1970-01-01T00:00:00.000000040Z |
+-----+-----+--------------------------------+
-- SQL: SELECT count(bar) from cpu where cast(time as bigint) > 30;
+----------------+
| COUNT(cpu.bar) |
+----------------+
| 1              |
+----------------+
-- SQL: SELECT * from cpu where cast(time as bigint) > 40;
++
++
-- SQL: SELECT max(time) from cpu where cast(time as bigint) > 40;
+---------------+
| MAX(cpu.time) |
+---------------+
|               |
+---------------+
