-- Test Setup: ThreeDeleteThreeChunks
-- SQL: SELECT min(foo) from cpu;
+--------------+
| MIN(cpu.foo) |
+--------------+
| me           |
+--------------+
-- SQL: SELECT max(foo) from cpu;
+--------------+
| MAX(cpu.foo) |
+--------------+
| you          |
+--------------+
-- SQL: SELECT min(time) from cpu;
+--------------------------------+
| MIN(cpu.time)                  |
+--------------------------------+
| 1970-01-01T00:00:00.000000040Z |
+--------------------------------+
-- SQL: SELECT max(time) from cpu;
+--------------------------------+
| MAX(cpu.time)                  |
+--------------------------------+
| 1970-01-01T00:00:00.000000080Z |
+--------------------------------+
-- SQL: SELECT foo, min(time) from cpu group by foo;
-- Results After Sorting
+-----+--------------------------------+
| foo | MIN(cpu.time)                  |
+-----+--------------------------------+
| me  | 1970-01-01T00:00:00.000000040Z |
| you | 1970-01-01T00:00:00.000000070Z |
+-----+--------------------------------+
-- SQL: SELECT bar, max(time) as max_time from cpu group by bar order by bar, max_time;
+-----+--------------------------------+
| bar | max_time                       |
+-----+--------------------------------+
| 1   | 1970-01-01T00:00:00.000000062Z |
| 3   | 1970-01-01T00:00:00.000000070Z |
| 4   | 1970-01-01T00:00:00.000000050Z |
| 5   | 1970-01-01T00:00:00.000000060Z |
| 7   | 1970-01-01T00:00:00.000000080Z |
+-----+--------------------------------+
-- SQL: SELECT max(time) as max_time from cpu group by bar order by max_time;
+--------------------------------+
| max_time                       |
+--------------------------------+
| 1970-01-01T00:00:00.000000050Z |
| 1970-01-01T00:00:00.000000060Z |
| 1970-01-01T00:00:00.000000062Z |
| 1970-01-01T00:00:00.000000070Z |
| 1970-01-01T00:00:00.000000080Z |
+--------------------------------+
-- SQL: SELECT time from cpu order by time;
+--------------------------------+
| time                           |
+--------------------------------+
| 1970-01-01T00:00:00.000000040Z |
| 1970-01-01T00:00:00.000000042Z |
| 1970-01-01T00:00:00.000000050Z |
| 1970-01-01T00:00:00.000000060Z |
| 1970-01-01T00:00:00.000000062Z |
| 1970-01-01T00:00:00.000000070Z |
| 1970-01-01T00:00:00.000000080Z |
+--------------------------------+
-- SQL: SELECT max(bar) from cpu;
+--------------+
| MAX(cpu.bar) |
+--------------+
| 7            |
+--------------+
-- SQL: SELECT min(time), max(time) from cpu;
+--------------------------------+--------------------------------+
| MIN(cpu.time)                  | MAX(cpu.time)                  |
+--------------------------------+--------------------------------+
| 1970-01-01T00:00:00.000000040Z | 1970-01-01T00:00:00.000000080Z |
+--------------------------------+--------------------------------+
