-- Test Setup: OneDeleteSimpleExprOneChunk
-- SQL: SELECT * from cpu;
+-----+--------------------------------+
| bar | time                           |
+-----+--------------------------------+
| 2   | 1970-01-01T00:00:00.000000020Z |
+-----+--------------------------------+
-- SQL: SELECT time, bar from cpu;
+--------------------------------+-----+
| time                           | bar |
+--------------------------------+-----+
| 1970-01-01T00:00:00.000000020Z | 2   |
+--------------------------------+-----+
-- SQL: SELECT min(bar), max(bar) from cpu;
+--------------+--------------+
| MIN(cpu.bar) | MAX(cpu.bar) |
+--------------+--------------+
| 2            | 2            |
+--------------+--------------+
-- SQL: SELECT time from cpu;
+--------------------------------+
| time                           |
+--------------------------------+
| 1970-01-01T00:00:00.000000020Z |
+--------------------------------+
-- SQL: SELECT max(time)  from cpu;
+--------------------------------+
| MAX(cpu.time)                  |
+--------------------------------+
| 1970-01-01T00:00:00.000000020Z |
+--------------------------------+
-- SQL: SELECT min(time)  from cpu group by bar;
+--------------------------------+
| MIN(cpu.time)                  |
+--------------------------------+
| 1970-01-01T00:00:00.000000020Z |
+--------------------------------+
-- SQL: SELECT bar, min(time)  from cpu group by bar;
+-----+--------------------------------+
| bar | MIN(cpu.time)                  |
+-----+--------------------------------+
| 2   | 1970-01-01T00:00:00.000000020Z |
+-----+--------------------------------+
-- SQL: SELECT count(time), max(time)  from cpu;
+-----------------+--------------------------------+
| COUNT(cpu.time) | MAX(cpu.time)                  |
+-----------------+--------------------------------+
| 1               | 1970-01-01T00:00:00.000000020Z |
+-----------------+--------------------------------+
-- SQL: SELECT count(time)  from cpu;
+-----------------+
| COUNT(cpu.time) |
+-----------------+
| 1               |
+-----------------+
-- SQL: SELECT count(time), count(*), count(bar), min(bar), max(bar), min(time), max(time)  from cpu;
+-----------------+-----------------+----------------+--------------+--------------+--------------------------------+--------------------------------+
| COUNT(cpu.time) | COUNT(UInt8(1)) | COUNT(cpu.bar) | MIN(cpu.bar) | MAX(cpu.bar) | MIN(cpu.time)                  | MAX(cpu.time)                  |
+-----------------+-----------------+----------------+--------------+--------------+--------------------------------+--------------------------------+
| 1               | 1               | 1              | 2            | 2            | 1970-01-01T00:00:00.000000020Z | 1970-01-01T00:00:00.000000020Z |
+-----------------+-----------------+----------------+--------------+--------------+--------------------------------+--------------------------------+
-- SQL: SELECT * from cpu where bar = 2.0;
+-----+--------------------------------+
| bar | time                           |
+-----+--------------------------------+
| 2   | 1970-01-01T00:00:00.000000020Z |
+-----+--------------------------------+
-- SQL: SELECT * from cpu where bar != 2.0;
++
++
-- SQL: SELECT count(time), count(*), count(bar), min(bar), max(bar), min(time), max(time)  from cpu where bar= 2.0;
+-----------------+-----------------+----------------+--------------+--------------+--------------------------------+--------------------------------+
| COUNT(cpu.time) | COUNT(UInt8(1)) | COUNT(cpu.bar) | MIN(cpu.bar) | MAX(cpu.bar) | MIN(cpu.time)                  | MAX(cpu.time)                  |
+-----------------+-----------------+----------------+--------------+--------------+--------------------------------+--------------------------------+
| 1               | 1               | 1              | 2            | 2            | 1970-01-01T00:00:00.000000020Z | 1970-01-01T00:00:00.000000020Z |
+-----------------+-----------------+----------------+--------------+--------------+--------------------------------+--------------------------------+
-- SQL: SELECT count(time), count(*), count(bar), min(bar), max(bar), min(time), max(time)  from cpu where bar != 2.0;
+-----------------+-----------------+----------------+--------------+--------------+---------------+---------------+
| COUNT(cpu.time) | COUNT(UInt8(1)) | COUNT(cpu.bar) | MIN(cpu.bar) | MAX(cpu.bar) | MIN(cpu.time) | MAX(cpu.time) |
+-----------------+-----------------+----------------+--------------+--------------+---------------+---------------+
| 0               | 0               | 0              |              |              |               |               |
+-----------------+-----------------+----------------+--------------+--------------+---------------+---------------+
-- SQL: SELECT time from cpu where bar=2;
+--------------------------------+
| time                           |
+--------------------------------+
| 1970-01-01T00:00:00.000000020Z |
+--------------------------------+
-- SQL: SELECT bar from cpu where bar!= 2;
++
++
