-- Test Setup: TwoMeasurementsManyFieldsTwoChunks
-- SQL: SELECT * from information_schema.tables where table_schema = 'system';
-- Results After Sorting
+---------------+--------------+------------+------------+
| table_catalog | table_schema | table_name | table_type |
+---------------+--------------+------------+------------+
| public        | system       | queries    | BASE TABLE |
+---------------+--------------+------------+------------+
-- SQL: SELECT issue_time, query_type, query_text, success FROM system.queries;
-- Results After Sorting
+----------------------+------------+------------+---------+
| issue_time           | query_type | query_text | success |
+----------------------+------------+------------+---------+
| 1970-01-01T00:00:00Z | sql        | SELECT 1;  | true    |
+----------------------+------------+------------+---------+
