-- Test Setup: OneMeasurementRealisticTimes
-- SQL: SELECT * from cpu;
+--------+----------------------+------+
| region | time                 | user |
+--------+----------------------+------+
| west   | 2021-07-20T19:28:50Z | 23.2 |
| west   | 2021-07-20T19:30:30Z | 21   |
+--------+----------------------+------+
-- SQL: SELECT * FROM cpu WHERE time  > to_timestamp('2021-07-20 19:28:50+00:00');
+--------+----------------------+------+
| region | time                 | user |
+--------+----------------------+------+
| west   | 2021-07-20T19:30:30Z | 21   |
+--------+----------------------+------+
-- SQL: SELECT * FROM cpu WHERE time  > to_timestamp('2021-07-20T19:28:50Z');
+--------+----------------------+------+
| region | time                 | user |
+--------+----------------------+------+
| west   | 2021-07-20T19:30:30Z | 21   |
+--------+----------------------+------+
-- SQL: SELECT * FROM cpu WHERE CAST(time AS BIGINT) > CAST(to_timestamp('2021-07-20T19:28:50Z') AS BIGINT);
+--------+----------------------+------+
| region | time                 | user |
+--------+----------------------+------+
| west   | 2021-07-20T19:30:30Z | 21   |
+--------+----------------------+------+
